[www.mudes.org.br/index.html]
[backblue.gif]
[fade.gif]
[index.html]
[www.mudes.org.br/Imagens/favicon.ico]
[www.google-analytics.com/analytics.js]
[www.mudes.org.br/Imagens/logo.png]
[www.mudes.org.br/Institucional/Institucional.html]
[www.mudes.org.br/Imagens/Mout2.png]
[www.mudes.org.br/Canal_Empresa/Empresa.html]
[www.mudes.org.br/Canal_Estudante/Estudante.html]
[www.mudes.org.br/Canal_Escola/Escola.html]
[www.mudes.org.br/solicite-seu-convenio]
[www.mudes.org.br/Institucional/Armazem_Social_Saber.html]
[code.ionicframework.com/ionicons/2.0.1/css/ionicons.min.css]
[www.mudes.org.br/images/favicon.ico]
[www.mudes.org.br/Content/cssb6cb.css]
[www.mudes.org.br/bundles/modernizrc9b4]
[www.mudes.org.br/bundles/jquery0668]
[www.mudes.org.br/bundles/bootstrapb663]
[www.mudes.org.br/index.html]
[www.mudes.org.br/Content/cssInstitucionalf0b4.css]
[d335luupugsy2.cloudfront.net/js/loader-scripts/d814dcb1-1e35-439c-af5a-e71441757d45-loader.js]
[www.mudes.org.br/Imagens/logotopo.png]
[www.mudes.org.br/Imagens/blog-mudes.png]
[www.mudes.org.br/Imagens/icones APP mudes.png]
[www.mudes.org.br/Institucional/Jovem_Voluntario.html]
[www.mudes.org.br/Institucional/Juventude_Aprendiz.html]
[www.mudes.org.br/Institucional/Estagio.html]
[www.mudes.org.br/Institucional/Contatos.html]
[d335luupugsy2.cloudfront.net/js/rdstation-forms/stable/rdstation-forms.min.js]
[www.mudes.org.br/ImagensInstitucional/mudes-institucional.jpg]
[www.mudes.org.br/ImagensInstitucional/seta-direita.png]
[www.mudes.org.br/institucional/imagem-sessao/1.png]
[www.mudes.org.br/ImagensInstitucional/seta-esquerda.png]
[www.mudes.org.br/institucional/imagem-sessao/2.jpg]
[www.mudes.org.br/institucional/imagem-sessao/3.jpg]
[www.mudes.org.br/ImagensInstitucional/missao.png]
[www.mudes.org.br/ImagensInstitucional/valores.png]
[www.mudes.org.br/ImagensInstitucional/visao.png]
[www.mudes.org.br/institucional/linha-do-tempo/4.jpg]
[www.mudes.org.br/institucional/linha-do-tempo/1.jpg]
[www.mudes.org.br/institucional/linha-do-tempo/3.jpg]
[www.mudes.org.br/institucional/linha-do-tempo/5.jpg]
[www.mudes.org.br/institucional/linha-do-tempo/2.jpg]
[www.mudes.org.br/institucional/linha-do-tempo/6.jpg]
[www.mudes.org.br/institucional/linha-do-tempo/7.jpg]
[www.mudes.org.br/institucional/linha-do-tempo/8.jpg]
[www.mudes.org.br/institucional/linha-do-tempo/10.jpg]
[www.mudes.org.br/institucional/linha-do-tempo/9.jpg]
[www.mudes.org.br/institucional/linha-do-tempo/11.jpg]
[www.mudes.org.br/institucional/linha-do-tempo/12.jpg]
[www.mudes.org.br/institucional/linha-do-tempo/13.png]
[www.mudes.org.br/institucional/linha-do-tempo/14.png]
[www.mudes.org.br/institucional/linha-do-tempo/15.jpg]
[www.mudes.org.br/institucional/linha-do-tempo/16.jpg]
[www.mudes.org.br/institucional/linha-do-tempo/17.jpg]
[www.mudes.org.br/institucional/linha-do-tempo/18.jpg]
[www.mudes.org.br/institucional/linha-do-tempo/19.jpg]
[www.mudes.org.br/institucional/linha-do-tempo/20.png]
[www.mudes.org.br/institucional/linha-do-tempo/21.jpg]
[www.mudes.org.br/institucional/linha-do-tempo/22.jpg]
[www.mudes.org.br/institucional/linha-do-tempo/23.jpg]
[www.mudes.org.br/institucional/linha-do-tempo/24.jpg]
[www.mudes.org.br/institucional/linha-do-tempo/25.jpg]
[www.mudes.org.br/institucional/linha-do-tempo/26.jpg]
[www.mudes.org.br/institucional/linha-do-tempo/27.jpg]
[www.mudes.org.br/institucional/linha-do-tempo/28.jpg]
[www.mudes.org.br/institucional/linha-do-tempo/29.jpg]
[www.mudes.org.br/institucional/linha-do-tempo/30.jpg]
[www.mudes.org.br/institucional/linha-do-tempo/31.jpg]
[www.mudes.org.br/institucional/linha-do-tempo/32.jpg]
[www.mudes.org.br/institucional/linha-do-tempo/33.jpg]
[www.mudes.org.br/institucional/linha-do-tempo/34.jpg]
[www.mudes.org.br/institucional/linha-do-tempo/35.jpg]
[www.mudes.org.br/institucional/linha-do-tempo/37.jpg]
[www.mudes.org.br/institucional/linha-do-tempo/38.png]
[www.mudes.org.br/institucional/linha-do-tempo/39.png]
[www.mudes.org.br/institucional/linha-do-tempo/40.png]
[ajax.googleapis.com/ajax/libs/jquery/1.11.3/jquery.min.js]
[www.mudes.org.br/Institucional/js/bootstrap.min.4b.delayed]
[www.mudes.org.br/Institucional/js/main.js]
[www.mudes.org.br/Institucional/Institucional.html]
[www.mudes.org.br/Scripts/bootstrap.min.css]
[www.mudes.org.br/Content/cssEmpresa3855.css]
[use.fontawesome.com/releases/v5.5.0/css/all.css]
[maxcdn.bootstrapcdn.com/font-awesome/4.5.0/css/font-awesome.min.css]
[www.mudes.org.br/Content/animate.min.css]
[www.mudes.org.br/Content/estilo.css]
[www.mudes.org.br/Content/cssPadraoe2eb.css]
[www.mudes.org.br/Scripts/datatable9877.css]
[www.mudes.org.br/Scripts/jquery-1.10.2.js]
[www.mudes.org.br/Scripts/Carrousel.js]
[static.zdassets.com/ekr/snippetedf0.js]
[www.mudes.org.br/Canal_Empresa/solicite-seu-convenio.html]
[www.mudes.org.br/Canal_Empresa/programa-juventude-aprendiz.html]
[www.mudes.org.br/Canal_Empresa/programa-estagio.html]
[www.mudes.org.br/Canal_Empresa/programa-trainee.html]
[www.mudes.org.br/Canal_Empresa/programa-PCD.html]
[www.mudes.org.br/Canal_Empresa/PerguntasFrequentes.html]
[www.mudes.org.br/Canal_Empresa/FaleConosco.html]
[www.mudes.org.br/Canal_Empresa/Noticias.html]
[www.mudes.org.br/Canal_Empresa/parcerias-mudes.html]
[www.mudes.org.br/Canal_Empresa/ConteudosMudes.html]
[www.mudes.org.br/Canal_Empresa/Empresa/como-contratar-aprendiz-conheca-o-passo-a-passo-61.html]
[www.mudes.org.br/Canal_Empresa/ObterImagem1253.png]
[www.mudes.org.br/Canal_Empresa/Empresa/o-que-toda-empresa-deve-saber-sobre-a-cota-de-aprendiz-62.html]
[www.mudes.org.br/Canal_Empresa/ObterImageme2f3.jpg]
[www.mudes.org.br/Canal_Empresa/Empresa/como-contratar-estagiario-55.html]
[www.mudes.org.br/Canal_Empresa/ObterImagema2e0.jpg]
[www.mudes.org.br/Canal_Empresa/Empresa/[quiz]-contratacao-de-estagiarios--saiba-em-que-nivel-sua-empresa-esta-93.html]
[www.mudes.org.br/Canal_Empresa/ObterImagemecae.jpg]
[www.mudes.org.br/Canal_Empresa/Empresa/[ebook]-guia-completo-para-a-contratacao-de-estagiarios-57.html]
[www.mudes.org.br/Canal_Empresa/ObterImagemcdee.jpg]
[www.mudes.org.br/Canal_Empresa/Empresa/saiba-quais-funcoes-os-estagiarios-podem-desempenhar-na-sua-empresa-109.html]
[www.mudes.org.br/Canal_Empresa/ObterImagemcfbb.jpg]
[www.mudes.org.br/Canal_Empresa/Empresa/saiba-tudo-o-que-a-lei-determina-sobre-bolsa-auxilio-de-estagio-97.html]
[www.mudes.org.br/Canal_Empresa/ObterImagem5591.jpg]
[www.mudes.org.br/Canal_Empresa/Empresa/estagiario-e-aprendiz-devem-ser-informados-no-esocial-59.html]
[www.mudes.org.br/Canal_Empresa/ObterImagem0b66.jpg]
[www.mudes.org.br/Canal_Empresa/ObterImagem5533.jpg]
[www.mudes.org.br/Canal_Empresa/Empresa/programa-de-estagio---por-que-e-importante-sua-empresa-aderir-58.html]
[www.mudes.org.br/Canal_Empresa/Empresa/aprendizagem-da-fundacao-mudes-17.html]
[www.mudes.org.br/Canal_Empresa/ObterImagemc9ba.jpg]
[www.mudes.org.br/Canal_Empresa/Empresa/retrospectiva-do-estagio-no-brasil-95.html]
[www.mudes.org.br/Canal_Empresa/ObterImagemd160.jpg]
[www.mudes.org.br/Canal_Empresa/Empresa/conheca-a-grade-curricular-do-programa-juventude-aprendiz-15.html]
[www.mudes.org.br/Canal_Empresa/ObterImagem555e.jpg]
[www.mudes.org.br/Canal_Empresa/Empresa/saiba-quais-os-principais-direitos-dos-estagiarios-que-toda-empresa-deve-conhecer-72.html]
[www.mudes.org.br/Canal_Empresa/ObterImagem4028.jpg]
[www.mudes.org.br/Canal_Empresa/Empresa/5-sinais-de-que-sua-empresa-precisa-contratar-estagiario-64.html]
[www.mudes.org.br/Canal_Empresa/ObterImagemf481.jpg]
[www.mudes.org.br/Canal_Empresa/Empresa/4-atitudes-para-receber-bem-o-estagiario-na-empresa-14.html]
[www.mudes.org.br/Canal_Empresa/ObterImagem0e08.jpg]
[www.mudes.org.br/Canal_Empresa/Empresa/contratacao-de-jovem--geracao-y-e-z-no-mercado-de-trabalho-68.html]
[www.mudes.org.br/Canal_Empresa/ObterImagemcdc0.jpg]
[www.mudes.org.br/Canal_Empresa/Empresa/supervia-e-o-programa-de-aprendizagem-2019-65.html]
[www.mudes.org.br/Canal_Empresa/ObterImagem9749.jpg]
[www.mudes.org.br/Canal_Empresa/Empresa/veja-como-o-pier-maua-aplica-o-programa-de-estagio-do-mudes-98.html]
[www.mudes.org.br/Canal_Empresa/ObterImagemb71a.jpg]
[www.mudes.org.br/Canal_Empresa/Empresa/vantagens-de-contratar-um-trainee-para-sua-empresa-19.html]
[www.mudes.org.br/Canal_Empresa/ObterImagem6ada.jpg]
[www.mudes.org.br/Canal_Empresa/Empresa/estamos-no-linkedin-56.html]
[www.mudes.org.br/Canal_Empresa/ObterImagemfe70.jpg]
[www.mudes.org.br/Canal_Empresa/Empresa/seguro-estagio---veja-tudo-que-sua-empresa-deve-saber-69.html]
[www.mudes.org.br/Canal_Empresa/ObterImagem120b.jpg]
[www.mudes.org.br/Canal_Empresa/Empresa/o-que-toda-empresa-deve-considerar-ao-recrutar-estagiarios-18.html]
[www.mudes.org.br/Canal_Empresa/Empresa/tudo-que-sua-empresa-deve-saber-antes-de-contratar-um-aprendiz-22.html]
[www.mudes.org.br/Canal_Empresa/Empresa/veja-como-sua-empresa-corre-risco-juridico-com-contratacoes-inadequadas-25.html]
[www.mudes.org.br/Canal_Empresa/Empresa/vantagens-de-preparar-candidatos-a-trainee-na-fundacao-mudes-24.html]
[www.mudes.org.br/Canal_Empresa/Empresa/dicas-essenciais-para-contratar-um-estagiario-21.html]
[www.mudes.org.br/Canal_Empresa/Empresa/por-que-conhecer-as-geracoes-y-e-z-e-importante-para-sua-empresa-16.html]
[www.mudes.org.br/Canal_Empresa/ObterImagem0265.jpg]
[www.mudes.org.br/Canal_Empresa/ObterImagem6bf4.jpg]
[www.mudes.org.br/Canal_Empresa/ObterImagem6f88.jpg]
[www.mudes.org.br/Canal_Empresa/ObterImagemb0c2.jpg]
[www.mudes.org.br/Canal_Empresa/ObterImagem803c.png]
[www.mudes.org.br/Canal_Empresa/Empresa.html]
[www.mudes.org.br/bundles/scripts2767]
[www.mudes.org.br/Content/Site.css]
[www.mudes.org.br/Content/estiloEstudante.css]
[cdnjs.cloudflare.com/ajax/libs/jquery/2.2.4/jquery.min.js]
[www.mudes.org.br/Content/cssEstudante8a08.css]
[pagead2.googlesyndication.com/pagead/js/f.txt]
[www.mudes.org.br/Canal_Estudante/EsqueceuSenha.html]
[www.mudes.org.br/vagas-de-estagio-aprendiz-trainee-e-pcd.html]
[www.mudes.org.br/curriculo.html]
[www.mudes.org.br/duvidas-sobre-aprendiz.html]
[www.mudes.org.br/duvidas-sobre-estagio.html]
[www.mudes.org.br/duvidas-sobre-trainee.html]
[www.mudes.org.br/Canal_Estudante/Duvidas.html]
[www.mudes.org.br/estudante/guia-candidato.html]
[www.mudes.org.br/Canal_Estudante/Noticias.html]
[www.mudes.org.br/parcerias-mudes-estudante.html]
[www.mudes.org.br/Canal_Estudante/conteudo-educativo.html]
[www.mudes.org.br/estudante/vagas-de-estagio-na-fundacao-mudes-66.html]
[www.mudes.org.br/Canal_Estudante/ObterImagema84a.png]
[www.mudes.org.br/estudante/nova-sede---atendimento-52.html]
[www.mudes.org.br/Canal_Estudante/ObterImageme3a8.png]
[www.mudes.org.br/estudante/como-concorrer-as-vagas-para-aprendiz-67.html]
[www.mudes.org.br/Canal_Estudante/ObterImagemdcb2.png]
[www.mudes.org.br/estudante/cadastre-se-para-concorrer-a-vagas-para-pcd-60.html]
[www.mudes.org.br/Canal_Estudante/ObterImagem394f.png]
[www.mudes.org.br/estudante/saiba-como-se-portar-em-entrevistas-32.html]
[www.mudes.org.br/Canal_Estudante/ObterImagem436d.jpg]
[www.mudes.org.br/estudante/nao-cometa-estes-erros-na-entrevista-51.html]
[www.mudes.org.br/Canal_Estudante/ObterImagemc63b.jpg]
[www.mudes.org.br/estudante/confira-o-que-evitar-descrever-no-seu-perfil-profissional-36.html]
[www.mudes.org.br/Canal_Estudante/ObterImagem2396.jpg]
[www.mudes.org.br/estudante/feedbacks-negativos-38.html]
[www.mudes.org.br/Canal_Estudante/ObterImagemd480.jpg]
[www.mudes.org.br/estudante/aprenda-a-elaborar-um-bom-curriculo-50.html]
[www.mudes.org.br/Canal_Estudante/ObterImagemdbf6.jpg]
[www.mudes.org.br/estudante/aumente-suas-chances-de-ser-chamado-para-entrevistas-35.html]
[www.mudes.org.br/Canal_Estudante/ObterImagemec1a.jpg]
[www.mudes.org.br/estudante/caracteristicas-valorizadas-no-_novo_-estagiario-46.html]
[www.mudes.org.br/Canal_Estudante/ObterImagem135f.jpg]
[www.mudes.org.br/estudante/comunicado-aos-estudantes-26.html]
[www.mudes.org.br/estudante/como-funciona-o-autoencaminhamento-33.html]
[www.mudes.org.br/estudante/manual-do-estagiario-29.html]
[www.mudes.org.br/estudante/sucesso-nas-candidaturas-30.html]
[www.mudes.org.br/estudante/promocao-para-estudantes-27.html]
[www.mudes.org.br/estudante/problemas-com-login-31.html]
[www.mudes.org.br/estudante/parceria-mudes-e-bonita-lg-espaco-de-beleza-e-spa-28.html]
[www.mudes.org.br/estudante/tecnologo,-bacharelado-e-licenciatura-34.html]
[www.mudes.org.br/Canal_Estudante/ObterImageme0d0.jpg]
[www.mudes.org.br/Canal_Estudante/ObterImagem0265.jpg]
[www.mudes.org.br/Canal_Estudante/ObterImagem6ac4.jpg]
[www.mudes.org.br/Canal_Estudante/ObterImagem1414.jpg]
[www.mudes.org.br/Canal_Estudante/ObterImagem08f8.jpg]
[www.mudes.org.br/Canal_Estudante/ObterImagem8098.jpg]
[www.mudes.org.br/Canal_Estudante/ObterImagem7579.jpg]
[www.mudes.org.br/Canal_Estudante/ObterImagem73ad.jpg]
[www.mudes.org.br/Canal_Estudante/ObterImagem91d4.jpg]
[www.mudes.org.br/Canal_Estudante/ObterImagem4231.jpg]
[www.mudes.org.br/Canal_Estudante/ObterImagem398a.jpg]
[www.mudes.org.br/Canal_Estudante/ObterImagema9ff.jpg]
[www.mudes.org.br/Canal_Estudante/ObterImagemc098.jpg]
[www.mudes.org.br/Canal_Estudante/Estudante.html]
[www.mudes.org.br/Content/cssEscola0a5c.css]
[cdn.bootcss.com/animate.css/3.5.1/animate.min.css]
[www.mudes.org.br/Canal_Escola/Convenio.html]
[www.mudes.org.br/Canal_Escola/Minuta.html]
[www.mudes.org.br/Canal_Escola/PerguntasFrequentes.html]
[www.mudes.org.br/Canal_Escola/FaleConosco.html]
[www.mudes.org.br/Canal_Escola/Escola.html]
[www.mudes.org.br/solicite-seu-convenio.html]
[www.mudes.org.br/Content/estiloEscola.css]
[www.mudes.org.br/ImagensInstitucional/armazem.jpg]
[www.mudes.org.br/Content/EstiloInternoInstitucional.css]
[www.mudes.org.br/ImagensInstitucional/PrimeiroSliderArmazemSocial.jpg]
[www.mudes.org.br/ImagensInstitucional/SegundoSliderArmazemSocial.jpg]
[www.mudes.org.br/ImagensInstitucional/TerceiroSliderArmazemSocial.jpg]
[www.mudes.org.br/ImagensInstitucional/QuartoSliderArmazemSocial.jpg]
[www.mudes.org.br/ImagensInstitucional/QuintoSliderArmazemSocial.jpg]
[www.mudes.org.br/Institucional/Armazem_Social_Saber.html]
[code.ionicframework.com/ionicons/2.0.1/css/ionicons.min.css]
[www.mudes.org.br/images/favicon.html]
[www.mudes.org.br/fonts/glyphicons-halflings-regular.eot]
[www.mudes.org.br/fonts/glyphicons-halflings-regulard41d.eot]
[www.mudes.org.br/fonts/glyphicons-halflings-regular.woff]
[www.mudes.org.br/fonts/glyphicons-halflings-regular.ttf]
[www.mudes.org.br/ImagensHomePage/imagem1.jpg]
[www.mudes.org.br/ImagensHomePage/imagem2.jpg]
[www.mudes.org.br/ImagensHomePage/imagem3.jpg]
[www.mudes.org.br/ImagensHomePage/imagem4.jpg]
[www.mudes.org.br/ImagensHomePage/imagem5.jpg]
[www.mudes.org.br/ImagensHomePage/imagem6.jpg]
[www.mudes.org.br/fonts/fontawesome-webfontba72.eot]
[www.mudes.org.br/fonts/fontawesome-webfontd41d.eot]
[www.mudes.org.br/fonts/fontawesome-webfontba72.woff]
[www.mudes.org.br/fonts/fontawesome-webfontba72.ttf]
[www.mudes.org.br/Content/cssb6cb.css]
[www.mudes.org.br/Content/cssInstitucionalf0b4.css]
[www.mudes.org.br/ImagensInstitucional/voluntario.jpg]
[www.mudes.org.br/Institucional/Jovem_Voluntario.html]
[www.mudes.org.br/ImagensInstitucional/juventudeAprendiz.jpg]
[www.mudes.org.br/Institucional/Juventude_Aprendiz.html]
[www.mudes.org.br/ImagensCanalEstudante/estagio-aprendiz.jpg]
[www.mudes.org.br/Institucional/Estagio.html]
[www.mudes.org.br/ImagensInstitucional/contato.jpg]
[www.mudes.org.br/Institucional/Contatos.html]
[www.mudes.org.br/Institucional/js/bootstrap.min.html]
[www.mudes.org.br/Institucional/js/main.html]
[www.mudes.org.br/Scripts/bootstrap.min.css]
[www.mudes.org.br/Content/cssEmpresa3855.css]
[use.fontawesome.com/releases/v5.5.0/css/all.css]
[maxcdn.bootstrapcdn.com/font-awesome/4.5.0/css/font-awesome.min.css]
[www.mudes.org.br/Content/animate.min.css]
[www.mudes.org.br/Content/estilo.css]
[www.mudes.org.br/Content/cssPadraoe2eb.css]
[www.mudes.org.br/Scripts/datatable9877.css]
[www.googletagmanager.com/gtm5445.html]
[www.mudes.org.br/Content/EstiloInternoEmpresa.css]
[www.mudes.org.br/ImagensCanalEmpresa/ImagemAbaSolicitarConvenio.png]
[www.mudes.org.br/Canal_Empresa/solicite-seu-convenio.html]
[www.mudes.org.br/ImagensCanalEmpresa/ImagemAbaAprendiz.png]
[www.mudes.org.br/ImagensCanalEmpresa/Proposta_Juventude_Aprendiz_Fundacao_Mudes.pdf]
[www.mudes.org.br/Canal_Empresa/programa-juventude-aprendiz.html]
[www.mudes.org.br/Canal_Empresa/CalculoCotas.html]
[www.mudes.org.br/ImagensCanalEmpresa/ImagemAbaEstagio.png]
[www.mudes.org.br/ImagensCanalEmpresa/Proposta_Estagio_Fundacao_Mudes.pdf]
[www.mudes.org.br/ImagensCanalEmpresa/Ebook_Guia_Contratacao_de_Estagiarios.pdf]
[www.mudes.org.br/Imagens/cartilha-mte-estagio.pdf]
[www.mudes.org.br/Canal_Empresa/programa-estagio.html]
[www.mudes.org.br/Canal_Empresa/Empresa/quiz-contratacao-de-estagiarios-responda-e-saiba-em-que-nivel-sua-empresa-93.html]
[www.mudes.org.br/ImagensCanalEmpresa/ImagemAbaTrainee.png]
[www.mudes.org.br/Canal_Empresa/programa-trainee.html]
[www.mudes.org.br/ImagensCanalEmpresa/ImagemAbaPCD.png]
[www.mudes.org.br/Canal_Empresa/programa-PCD.html]
[www.mudes.org.br/ImagensCanalEmpresa/ImagemTopoPagina.jpg]
[www.mudes.org.br/Canal_Empresa/PerguntasFrequentes.html]
[www.mudes.org.br/Canal_Empresa/FaleConosco.html]
[www.mudes.org.br/Content/Estilo-2.css]
[www.mudes.org.br/Canal_Empresa/Empresa/rhlf-convida-para-o-lancamento-do-xiv-congresso-103.html]
[www.mudes.org.br/Canal_Empresa/Empresa/fundacao-mudes-completa-53-anos-92.html]
[www.mudes.org.br/Canal_Empresa/Empresa/ciencia,-emocao-e-profissao-deu-inicio-ao-ciclo-de-palestra-no-programa-juventude-aprendiz-83.html]
[www.mudes.org.br/Canal_Empresa/Empresa/programa-juventude-aprendiz-realiza-ciclo-de-palestra-da-vida-ao-trabalho-77.html]
[www.mudes.org.br/Canal_Empresa/Noticias.html]
[www.mudes.org.br/Canal_Empresa/Empresa/fiscalizacoes-periodicas-da-secretaria-de-inspecao-do-trabalho-76.html]
[www.mudes.org.br/ImagensCanalEmpresa/ImagemAbaParcerias.png]
[www.mudes.org.br/ImagensCanalEmpresa/setaLeft.png]
[www.mudes.org.br/ImagensCanalEmpresa/logobrasas2015.jpg]
[www.mudes.org.br/ImagensCanalEmpresa/setaRight.png]
[www.mudes.org.br/Imagens/cedom.jpg]
[www.mudes.org.br/Imagens/logoiateccolor.jpg]
[www.mudes.org.br/Imagens/logo_UCP_IPETEC_VETOR.jpg]
[www.mudes.org.br/Imagens/LogoCapital.png]
[www.mudes.org.br/Canal_Empresa/parcerias-mudes.html]
[www.mudes.org.br/Imagens/caterete.jpg]
[www.mudes.org.br/ImagensCanalEmpresa/BannerSiteConteudosMudes.png]
[www.mudes.org.br/ImagensCanalEmpresa/DestaquesConteudeSite.png]
[www.mudes.org.br/ImagensCanalEmpresa/DestaquesConteudo2Site.png]
[www.mudes.org.br/ImagensCanalEmpresa/DestaquesConteudo3Site.png]
[www.mudes.org.br/ImagensCanalEmpresa/DestaquesConteudo4Site.png]
[www.mudes.org.br/ImagensCanalEmpresa/ModeloImagensDestaque5Site.png]
[www.mudes.org.br/ImagensCanalEmpresa/DestaquesConteudo6Site.png]
[www.mudes.org.br/Canal_Empresa/ConteudosMudes.html]
[www.mudes.org.br/Canal_Empresa/Canal_Empresa/solicite-seu-convenio]
[www.mudes.org.br/Canal_Empresa/Canal_Empresa/programa-juventude-aprendiz]
[www.mudes.org.br/Canal_Empresa/Canal_Empresa/programa-estagio]
[www.mudes.org.br/Canal_Empresa/Canal_Empresa/programa-trainee]
[www.mudes.org.br/Canal_Empresa/Canal_Empresa/programa-PCD]
[www.mudes.org.br/Canal_Empresa/Canal_Empresa/Noticias]
[www.mudes.org.br/Canal_Empresa/Canal_Empresa/parcerias-mudes]
[blog.mudes.org.br/wp-content/uploads/2019/02/programa-aprendiz1-300x228.png]
[connect.facebook.net/pt_BR/sdk.js]
[www.mudes.org.br/Canal_Empresa/Empresa/como-contratar-aprendiz-conheca-o-passo-a-passo-61.html]
[blog.mudes.org.br/wp-content/uploads/2019/02/Calculadora-de-cota-de-aprendiz-2-288x300.png]
[www.mudes.org.br/Canal_Empresa/Empresa/o-que-toda-empresa-deve-saber-sobre-a-cota-de-aprendiz-62.html]
[blog.mudes.org.br/wp-content/uploads/2019/02/estágio.png]
[www.mudes.org.br/Canal_Empresa/Empresa/como-contratar-estagiario-55.html]
[www.mudes.org.br/Canal_Empresa/Empresa/[quiz]-contratacao-de-estagiarios--saiba-em-que-nivel-sua-empresa-esta-93.html]
[mudes.rdstationblog.com.br/wp-content/uploads/2018/11/Capa-Ebook-Quadrada-copy-300x300.png]
[www.mudes.org.br/Canal_Empresa/Empresa/[ebook]-guia-completo-para-a-contratacao-de-estagiarios-57.html]
[blog.mudes.org.br/wp-content/uploads/2019/11/Estagiário-de-Administração-1.jpg]
[blog.mudes.org.br/wp-content/uploads/2019/11/Estágio-em-Comunicação-Social-1.jpg]
[blog.mudes.org.br/wp-content/uploads/2019/11/Estágio-em-Direito.jpg]
[blog.mudes.org.br/wp-content/uploads/2019/11/Marketing.jpg]
[blog.mudes.org.br/wp-content/uploads/2019/11/Turismo.jpg]
[www.mudes.org.br/Canal_Empresa/Empresa/saiba-quais-funcoes-os-estagiarios-podem-desempenhar-na-sua-empresa-109.html]
[www.mudes.org.br/Canal_Empresa/Empresa/saiba-tudo-o-que-a-lei-determina-sobre-bolsa-auxilio-de-estagio-97.html]
[www.mudes.org.br/Canal_Empresa/Empresa/estagiario-e-aprendiz-devem-ser-informados-no-esocial-59.html]
[www.mudes.org.br/Canal_Empresa/Empresa/programa-de-estagio---por-que-e-importante-sua-empresa-aderir-58.html]
[www.mudes.org.br/home/conteudo.12a4bc5.delayed]
[www.mudes.org.br/Canal_Empresa/Empresa/aprendizagem-da-fundacao-mudes-17.html]
[blog.mudes.org.br/wp-content/uploads/2019/09/Infografico-historico-estagio-1.jpg]
[blog.mudes.org.br/wp-content/uploads/2019/09/Mudança-na-lei-de-estágio-1-1.jpg]
[www.mudes.org.br/Canal_Empresa/Empresa/retrospectiva-do-estagio-no-brasil-95.html]
[www.mudes.org.br/Canal_Empresa/Empresa/conheca-a-grade-curricular-do-programa-juventude-aprendiz-15.html]
[www.mudes.org.br/Canal_Empresa/Empresa/saiba-quais-os-principais-direitos-dos-estagiarios-que-toda-empresa-deve-conhecer-72.html]
[www.mudes.org.br/Canal_Empresa/Empresa/5-sinais-de-que-sua-empresa-precisa-contratar-estagiario-64.html]
[blog.mudes.org.br/wp-content/uploads/2018/11/Capa-Ebook-Quadrada-copy-300x300.png]
[www.mudes.org.br/Canal_Empresa/Empresa/4-atitudes-para-receber-bem-o-estagiario-na-empresa-14.html]
[www.mudes.org.br/Canal_Empresa/Empresa/contratacao-de-jovem--geracao-y-e-z-no-mercado-de-trabalho-68.html]
[www.mudes.org.br/Canal_Empresa/Empresa/supervia-e-o-programa-de-aprendizagem-2019-65.html]
[www.mudes.org.br/Canal_Empresa/Empresa/veja-como-o-pier-maua-aplica-o-programa-de-estagio-do-mudes-98.html]
[www.mudes.org.br/Canal_Empresa/Empresa/vantagens-de-contratar-um-trainee-para-sua-empresa-19.html]
[www.mudes.org.br/Canal_Empresa/Empresa/estamos-no-linkedin-56.html]
[www.mudes.org.br/Canal_Empresa/Empresa/seguro-estagio---veja-tudo-que-sua-empresa-deve-saber-69.html]
[www.mudes.org.br/Canal_Empresa/ObterImagemc757.jpg]
[www.mudes.org.br/Canal_Empresa/Empresa/o-que-toda-empresa-deve-considerar-ao-recrutar-estagiarios-18.html]
[www.mudes.org.br/Canal_Empresa/ObterImagem256a.png]
[www.mudes.org.br/Canal_Empresa/Empresa/tudo-que-sua-empresa-deve-saber-antes-de-contratar-um-aprendiz-22.html]
[www.mudes.org.br/Canal_Empresa/ObterImagem4672.jpg]
[www.mudes.org.br/Canal_Empresa/Empresa/veja-como-sua-empresa-corre-risco-juridico-com-contratacoes-inadequadas-25.html]
[www.mudes.org.br/Canal_Empresa/ObterImagem0a56.png]
[www.mudes.org.br/Canal_Empresa/Empresa/vantagens-de-preparar-candidatos-a-trainee-na-fundacao-mudes-24.html]
[www.mudes.org.br/Canal_Empresa/ObterImagem55a4.png]
[www.mudes.org.br/Canal_Empresa/Empresa/dicas-essenciais-para-contratar-um-estagiario-21.html]
[www.mudes.org.br/Canal_Empresa/ObterImagem0476.png]
[www.mudes.org.br/Canal_Empresa/Empresa/por-que-conhecer-as-geracoes-y-e-z-e-importante-para-sua-empresa-16.html]
[www.mudes.org.br/Content/Site.css]
[www.mudes.org.br/Content/estiloEstudante.css]
[www.mudes.org.br/Content/cssEstudante8a08.css]
[www.mudes.org.br/Canal_Estudante/EsqueceuSenha.html]
[www.mudes.org.br/vagas-de-estagio-aprendiz-trainee-e-pcd.html]
[www.mudes.org.br/Content/estiloVagas.css]
[www.mudes.org.br/curriculo.html]
[www.mudes.org.br/ImagensCanalEstudante/inscricao.jpg]
[www.mudes.org.br/duvidas-sobre-aprendiz.html]
[www.mudes.org.br/duvidas-sobre-estagio.html]
[www.mudes.org.br/duvidas-sobre-trainee.html]
[www.mudes.org.br/ImagensCanalEstudante/faleconosco.jpg]
[www.mudes.org.br/Canal_Estudante/Duvidas.html]
[www.mudes.org.br/Imagens/Guia-Canal-Candidato.pdf]
[www.mudes.org.br/estudante/guia-candidato.html]
[www.mudes.org.br/estudante/cursos-de-ingles-gratuitos-104.html]
[www.mudes.org.br/estudante/rhlf-convida-para-o-lancamento-do-xiv-congresso-103.html]
[www.mudes.org.br/estudante/programa-juventude-aprendiz-realiza-palestra-_o-mundo-maravilhoso-das-marcas_-102.html]
[www.mudes.org.br/estudante/aprenda-excel-101.html]
[www.mudes.org.br/estudante/cursos-gratuitos-para-turbinar-seu-curriculo-100.html]
[www.mudes.org.br/estudante/qualificar-no-senac-e-nos-colegios-estaduais-professora-vilma-atanazio--e-sonia-regina-scudese-99.html]
[www.mudes.org.br/estudante/fundacao-mudes-participa-de-evento-sobre-educacao-96.html]
[www.mudes.org.br/estudante/conclusao-da-primeira-turma-do-curso-de-introducao-ao-mundo-do-trabalho-94.html]
[www.mudes.org.br/estudante/colegios-estaduais-antonio-prado-jr,-erich-walter-e-pedro-alvares--participam-do-qualificar-84.html]
[www.mudes.org.br/estudante/fundacao-mudes-completa-53-anos-91.html]
[www.mudes.org.br/Canal_Estudante/ObterImagem125d.jpg]
[www.mudes.org.br/estudante/ciencia,-emocao-e-profissao-deu-inicio-ao-ciclo-de-palestra-no-programa-juventude-aprendiz-82.html]
[www.mudes.org.br/Canal_Estudante/ObterImagem5278.jpg]
[www.mudes.org.br/estudante/colegio-estadual-olavo-bilac,-iserj-e-senac-recebem-projeto-qualificar-80.html]
[www.mudes.org.br/Canal_Estudante/ObterImagem2efa.png]
[www.mudes.org.br/estudante/conheca-o-projeto-qualificar-desenvolvido-pela-fundacao-mudes-79.html]
[www.mudes.org.br/Canal_Estudante/ObterImagemd3a2.jpg]
[www.mudes.org.br/Canal_Estudante/Noticias.html]
[www.mudes.org.br/estudante/conheca-a-biblioteca-digital-de-juventude-74.html]
[www.mudes.org.br/estudante/como-elaborar-um-curriculo-e-se-preparar-para-a-entrevista-108.html]
[www.mudes.org.br/estudante/conheca-as--principais-duvidas-sobre-os-programas-de-aprendizagem,-estagio,-trainee-e-pcd-107.html]
[www.mudes.org.br/Canal_Estudante/conteudo-educativo.html]
[www.mudes.org.br/estudante/manual-do-programa-de-iniciacao-ao-mundo-do-trabalho--proint--106.html]
[www.mudes.org.br/ImagensCanalEstudante/ImagemAbaParceriasVermelho.png]
[www.mudes.org.br/ImagensCanalEstudante/setaestudanteright.png]
[www.mudes.org.br/ImagensCanalEstudante/setaestudanteleft.png]
[www.mudes.org.br/parcerias-mudes-estudante.html]
[www.mudes.org.br/estudante/vagas-de-estagio-na-fundacao-mudes-66.html]
[www.mudes.org.br/estudante/nova-sede---atendimento-52.html]
[www.mudes.org.br/estudante/como-concorrer-as-vagas-para-aprendiz-67.html]
[www.mudes.org.br/estudante/cadastre-se-para-concorrer-a-vagas-para-pcd-60.html]
[www.mudes.org.br/estudante/saiba-como-se-portar-em-entrevistas-32.html]
[static.xx.fbcdn.net/images/emoji.php/v9/fdc/1/16/26a0.png]
[www.mudes.org.br/estudante/nao-cometa-estes-erros-na-entrevista-51.html]
[www.mudes.org.br/estudante/confira-o-que-evitar-descrever-no-seu-perfil-profissional-36.html]
[www.mudes.org.br/estudante/feedbacks-negativos-38.html]
[www.mudes.org.br/estudante/aprenda-a-elaborar-um-bom-curriculo-50.html]
[www.mudes.org.br/estudante/aumente-suas-chances-de-ser-chamado-para-entrevistas-35.html]
[www.mudes.org.br/estudante/caracteristicas-valorizadas-no-_novo_-estagiario-46.html]
[www.mudes.org.br/Canal_Estudante/ObterImagemf183.jpg]
[www.mudes.org.br/estudante/como-funciona-o-autoencaminhamento-33.html]
[www.mudes.org.br/Canal_Estudante/ObterImagem61be.jpg]
[www.mudes.org.br/estudante/comunicado-aos-estudantes-26.html]
[www.mudes.org.br/Canal_Estudante/ObterImagem4722.jpg]
[www.mudes.org.br/Imagens/Manual-MUDES.pdf]
[www.mudes.org.br/estudante/manual-do-estagiario-29.html]
[www.mudes.org.br/Canal_Estudante/ObterImagem1093.jpg]
[www.mudes.org.br/estudante/sucesso-nas-candidaturas-30.html]
[www.mudes.org.br/Canal_Estudante/ObterImagemf28c.jpg]
[www.mudes.org.br/estudante/promocao-para-estudantes-27.html]
[www.mudes.org.br/Canal_Estudante/ObterImagemd1d5.jpg]
[www.mudes.org.br/estudante/problemas-com-login-31.html]
[www.mudes.org.br/Canal_Estudante/ObterImagembe34.jpg]
[www.mudes.org.br/estudante/parceria-mudes-e-bonita-lg-espaco-de-beleza-e-spa-28.html]
[www.mudes.org.br/Canal_Estudante/ObterImagemd538.jpg]
[www.mudes.org.br/estudante/tecnologo,-bacharelado-e-licenciatura-34.html]
[www.mudes.org.br/Content/cssEscola0a5c.css]
[cdn.bootcss.com/animate.css/3.5.1/animate.min.css]
[www.mudes.org.br/ImagensCanalEscola/ImagemTopoEcola.jpg]
[www.mudes.org.br/Canal_Escola/Convenio.html]
[www.mudes.org.br/Content/EstiloInternoEscola.css]
[www.mudes.org.br/Imagens/MINUTA_CONVENIO_INSTITUICAO_ENSINO_MUDES.pdf]
[www.mudes.org.br/Canal_Escola/Minuta.html]
[www.mudes.org.br/Canal_Escola/PerguntasFrequentes.html]
[www.mudes.org.br/Canal_Escola/FaleConosco.html]
[www.mudes.org.br/Content/estiloEscola.css]
[www.mudes.org.br/Content/EstiloInternoInstitucional.css]
[www.mudes.org.br/fonts/glyphicons-halflings-regular.svg]
[www.mudes.org.br/fonts/fontawesome-webfontba72.svg]
[www.mudes.org.br/Content/EstiloInternoEmpresa.css]
[www.mudes.org.br/Canal_escola/Escola-2.html]
[www.mudes.org.br/Scripts/CalculoCotas.js]
[www.mudes.org.br/Canal_Empresa/CalculoCotas.html]
[www.mudes.org.br/Canal_Empresa/Empresa/quiz-contratacao-de-estagiarios-responda-e-saiba-em-que-nivel-sua-empresa-93.html]
[www.mudes.org.br/Content/Estilo-2.css]
[www.mudes.org.br/Canal_Empresa/Empresa/rhlf-convida-para-o-lancamento-do-xiv-congresso-103.html]
[www.mudes.org.br/Canal_Empresa/Empresa/fundacao-mudes-completa-53-anos-92.html]
[www.mudes.org.br/Canal_Empresa/Empresa/ciencia,-emocao-e-profissao-deu-inicio-ao-ciclo-de-palestra-no-programa-juventude-aprendiz-83.html]
[www.mudes.org.br/Canal_Empresa/Empresa/programa-juventude-aprendiz-realiza-ciclo-de-palestra-da-vida-ao-trabalho-77.html]
[www.mudes.org.br/Canal_Empresa/Empresa/fiscalizacoes-periodicas-da-secretaria-de-inspecao-do-trabalho-76.html]
[www.mudes.org.br/Canal_Empresa/Canal_Empresa/solicite-seu-convenio.html]
[www.mudes.org.br/Canal_Empresa/Canal_Empresa/programa-juventude-aprendiz.html]
[www.mudes.org.br/Canal_Empresa/Canal_Empresa/programa-estagio.html]
[www.mudes.org.br/Canal_Empresa/Canal_Empresa/programa-trainee.html]
[www.mudes.org.br/Canal_Empresa/Canal_Empresa/programa-PCD.html]
[www.mudes.org.br/Canal_Empresa/Canal_Empresa/Noticias.html]
[www.mudes.org.br/Canal_Empresa/Canal_Empresa/parcerias-mudes.html]
[connect.facebook.net/pt_BR/sdk.js]
[www.mudes.org.br/home/conteudo4bc5.html]
[www.mudes.org.br/Content/estiloVagas.css]
[www.mudes.org.br/ImagensCanalEstudante/inscricao.html]
[www.mudes.org.br/estudante/cursos-de-ingles-gratuitos-104.html]
[www.mudes.org.br/estudante/rhlf-convida-para-o-lancamento-do-xiv-congresso-103.html]
[www.mudes.org.br/estudante/programa-juventude-aprendiz-realiza-palestra-_o-mundo-maravilhoso-das-marcas_-102.html]
[www.mudes.org.br/estudante/aprenda-excel-101.html]
[www.mudes.org.br/estudante/cursos-gratuitos-para-turbinar-seu-curriculo-100.html]
[www.mudes.org.br/estudante/qualificar-no-senac-e-nos-colegios-estaduais-professora-vilma-atanazio--e-sonia-regina-scudese-99.html]
[www.mudes.org.br/estudante/fundacao-mudes-participa-de-evento-sobre-educacao-96.html]
[www.mudes.org.br/estudante/conclusao-da-primeira-turma-do-curso-de-introducao-ao-mundo-do-trabalho-94.html]
[www.mudes.org.br/estudante/fundacao-mudes-completa-53-anos-91.html]
[www.mudes.org.br/estudante/colegios-estaduais-antonio-prado-jr,-erich-walter-e-pedro-alvares--participam-do-qualificar-84.html]
[www.mudes.org.br/estudante/ciencia,-emocao-e-profissao-deu-inicio-ao-ciclo-de-palestra-no-programa-juventude-aprendiz-82.html]
[www.mudes.org.br/estudante/colegio-estadual-olavo-bilac,-iserj-e-senac-recebem-projeto-qualificar-80.html]
[www.mudes.org.br/estudante/conheca-o-projeto-qualificar-desenvolvido-pela-fundacao-mudes-79.html]
[www.mudes.org.br/estudante/conheca-a-biblioteca-digital-de-juventude-74.html]
[www.mudes.org.br/estudante/como-elaborar-um-curriculo-e-se-preparar-para-a-entrevista-108.html]
[www.mudes.org.br/estudante/conheca-as--principais-duvidas-sobre-os-programas-de-aprendizagem,-estagio,-trainee-e-pcd-107.html]
[www.mudes.org.br/estudante/manual-do-programa-de-iniciacao-ao-mundo-do-trabalho--proint--106.html]
[www.mudes.org.br/Content/EstiloInternoEscola.css]
[www.mudes.org.br/Canal_escola/Escola-2.html]
